Release 14.7 - xst P.20131013 (nt64)
Copyright (c) 1995-2013 Xilinx, Inc.  All rights reserved.
--> Parameter TMPDIR set to xst/projnav.tmp


Total REAL time to Xst completion: 0.00 secs
Total CPU time to Xst completion: 0.12 secs
 
--> Parameter xsthdpdir set to xst


Total REAL time to Xst completion: 0.00 secs
Total CPU time to Xst completion: 0.12 secs
 
--> Reading design: top_level_subtractor_16_s.prj

TABLE OF CONTENTS
  1) Synthesis Options Summary
  2) HDL Parsing
  3) HDL Elaboration
  4) HDL Synthesis
       4.1) HDL Synthesis Report
  5) Advanced HDL Synthesis
       5.1) Advanced HDL Synthesis Report
  6) Low Level Synthesis
  7) Partition Report
  8) Design Summary
       8.1) Primitive and Black Box Usage
       8.2) Device utilization summary
       8.3) Partition Resource Summary
       8.4) Timing Report
            8.4.1) Clock Information
            8.4.2) Asynchronous Control Signals Information
            8.4.3) Timing Summary
            8.4.4) Timing Details
            8.4.5) Cross Clock Domains Report


=========================================================================
*                      Synthesis Options Summary                        *
=========================================================================
---- Source Parameters
Input File Name                    : "top_level_subtractor_16_s.prj"
Ignore Synthesis Constraint File   : NO

---- Target Parameters
Output File Name                   : "top_level_subtractor_16_s"
Output Format                      : NGC
Target Device                      : xc6slx4-3-tqg144

---- Source Options
Top Module Name                    : top_level_subtractor_16_s
Automatic FSM Extraction           : YES
FSM Encoding Algorithm             : Auto
Safe Implementation                : No
FSM Style                          : LUT
RAM Extraction                     : Yes
RAM Style                          : Auto
ROM Extraction                     : Yes
Shift Register Extraction          : YES
ROM Style                          : Auto
Resource Sharing                   : YES
Asynchronous To Synchronous        : NO
Shift Register Minimum Size        : 2
Use DSP Block                      : Auto
Automatic Register Balancing       : No

---- Target Options
LUT Combining                      : Auto
Reduce Control Sets                : Auto
Add IO Buffers                     : YES
Global Maximum Fanout              : 100000
Add Generic Clock Buffer(BUFG)     : 16
Register Duplication               : YES
Optimize Instantiated Primitives   : NO
Use Clock Enable                   : Auto
Use Synchronous Set                : Auto
Use Synchronous Reset              : Auto
Pack IO Registers into IOBs        : Auto
Equivalent register Removal        : YES

---- General Options
Optimization Goal                  : Speed
Optimization Effort                : 1
Power Reduction                    : NO
Keep Hierarchy                     : No
Netlist Hierarchy                  : As_Optimized
RTL Output                         : Yes
Global Optimization                : AllClockNets
Read Cores                         : YES
Write Timing Constraints           : NO
Cross Clock Analysis               : NO
Hierarchy Separator                : /
Bus Delimiter                      : <>
Case Specifier                     : Maintain
Slice Utilization Ratio            : 100
BRAM Utilization Ratio             : 100
DSP48 Utilization Ratio            : 100
Auto BRAM Packing                  : NO
Slice Utilization Ratio Delta      : 5

---- Other Options
Cores Search Directories           : {"ipcore_dir"  }

=========================================================================


=========================================================================
*                          HDL Parsing                                  *
=========================================================================
Parsing VHDL file "C:\Users\Admin00\Documents\Polito\Specification and simulation of digital systems\Mini assignment\subtractor_16_s\subtractor_16_s\ipcore_dir\subtractor_16_s_core.vhd" into library work
Parsing entity <subtractor_16_s_core>.
Parsing architecture <subtractor_16_s_core_a> of entity <subtractor_16_s_core>.
Parsing VHDL file "C:\Users\Admin00\Documents\Polito\Specification and simulation of digital systems\Mini assignment\subtractor_16_s\subtractor_16_s\top_level_subtractor_16_s.vhd" into library work
Parsing entity <top_level_subtractor_16_s>.
Parsing architecture <Behavioral> of entity <top_level_subtractor_16_s>.

=========================================================================
*                            HDL Elaboration                            *
=========================================================================

Elaborating entity <top_level_subtractor_16_s> (architecture <Behavioral>) from library <work>.

Elaborating entity <subtractor_16_s_core> (architecture <subtractor_16_s_core_a>) from library <work>.

=========================================================================
*                           HDL Synthesis                               *
=========================================================================

Synthesizing Unit <top_level_subtractor_16_s>.
    Related source file is "C:\Users\Admin00\Documents\Polito\Specification and simulation of digital systems\Mini assignment\subtractor_16_s\subtractor_16_s\top_level_subtractor_16_s.vhd".
    Summary:
	no macro.
Unit <top_level_subtractor_16_s> synthesized.

=========================================================================
HDL Synthesis Report

Found no macro
=========================================================================

=========================================================================
*                       Advanced HDL Synthesis                          *
=========================================================================

Reading core <ipcore_dir/subtractor_16_s_core.ngc>.
Reading Secure Unit <blk00000001>.
Loading core <subtractor_16_s_core> for timing and area information for instance <sub>.

=========================================================================
Advanced HDL Synthesis Report

Found no macro
=========================================================================

=========================================================================
*                         Low Level Synthesis                           *
=========================================================================

Optimizing unit <top_level_subtractor_16_s> ...

Mapping all equations...
Building and optimizing final netlist ...
Found area constraint ratio of 100 (+ 5) on block top_level_subtractor_16_s, actual ratio is 0.

Final Macro Processing ...

=========================================================================
Final Register Report

Found no macro
=========================================================================

=========================================================================
*                           Partition Report                            *
=========================================================================

Partition Implementation Status
-------------------------------

  No Partitions were found in this design.

-------------------------------

=========================================================================
*                            Design Summary                             *
=========================================================================

Top Level Output File Name         : top_level_subtractor_16_s.ngc

Primitive and Black Box Usage:
------------------------------
# BELS                             : 90
#      GND                         : 1
#      INV                         : 12
#      LUT1                        : 1
#      LUT2                        : 17
#      MUXCY                       : 29
#      VCC                         : 1
#      XORCY                       : 29
# FlipFlops/Latches                : 38
#      FDE                         : 38
# Shift Registers                  : 11
#      SRLC16E                     : 11
# Clock Buffers                    : 1
#      BUFGP                       : 1
# IO Buffers                       : 50
#      IBUF                        : 33
#      OBUF                        : 17

Device utilization summary:
---------------------------

Selected Device : 6slx4tqg144-3 


Slice Logic Utilization: 
 Number of Slice Registers:              38  out of   4800     0%  
 Number of Slice LUTs:                   41  out of   2400     1%  
    Number used as Logic:                30  out of   2400     1%  
    Number used as Memory:               11  out of   1200     0%  
       Number used as SRL:               11

Slice Logic Distribution: 
 Number of LUT Flip Flop pairs used:     60
   Number with an unused Flip Flop:      22  out of     60    36%  
   Number with an unused LUT:            19  out of     60    31%  
   Number of fully used LUT-FF pairs:    19  out of     60    31%  
   Number of unique control sets:         0

IO Utilization: 
 Number of IOs:                          51
 Number of bonded IOBs:                  51  out of    102    50%  

Specific Feature Utilization:
 Number of BUFG/BUFGCTRLs:                1  out of     16     6%  

---------------------------
Partition Resource Summary:
---------------------------

  No Partitions were found in this design.

---------------------------


=========================================================================
Timing Report

NOTE: THESE TIMING NUMBERS ARE ONLY A SYNTHESIS ESTIMATE.
      FOR ACCURATE TIMING INFORMATION PLEASE REFER TO THE TRACE REPORT
      GENERATED AFTER PLACE-and-ROUTE.

Clock Information:
------------------
-----------------------------------+------------------------+-------+
Clock Signal                       | Clock buffer(FF name)  | Load  |
-----------------------------------+------------------------+-------+
clk                                | BUFGP                  | 49    |
-----------------------------------+------------------------+-------+

Asynchronous Control Signals Information:
----------------------------------------
No asynchronous control signals found in this design

Timing Summary:
---------------
Speed Grade: -3

   Minimum period: 1.859ns (Maximum Frequency: 537.967MHz)
   Minimum input arrival time before clock: 3.077ns
   Maximum output required time after clock: 3.597ns
   Maximum combinational path delay: No path found

Timing Details:
---------------
All values displayed in nanoseconds (ns)

=========================================================================
Timing constraint: Default period analysis for Clock 'clk'
  Clock period: 1.859ns (frequency: 537.967MHz)
  Total number of paths / destination ports: 79 / 30
-------------------------------------------------------------------------
Delay:               1.859ns (Levels of Logic = 8)
  Source:            sec_inst (FF)
  Destination:       sec_inst (FF)
  Source Clock:      clk rising
  Destination Clock: clk rising

  Data Path: sec_inst to sec_inst
                                Gate     Net
    Cell:in->out      fanout   Delay   Delay  Logical Name (Net Name)
    ----------------------------------------  ------------
     SEC:C->out            1   0.447   0.579  sec_inst (sec_net)
     SEC:in->out           1   0.206   0.000  sec_inst (sec_net)
     SEC:in->out           1   0.172   0.000  sec_inst (sec_net)
     SEC:in->out           1   0.019   0.000  sec_inst (sec_net)
     SEC:in->out           1   0.019   0.000  sec_inst (sec_net)
     SEC:in->out           1   0.019   0.000  sec_inst (sec_net)
     SEC:in->out           1   0.019   0.000  sec_inst (sec_net)
     SEC:in->out           1   0.019   0.000  sec_inst (sec_net)
     SEC:in->out           1   0.258   0.000  sec_inst (sec_net)
     SEC:in                    0.102          sec_inst
    ----------------------------------------
    Total                      1.859ns (1.280ns logic, 0.579ns route)
                                       (68.9% logic, 31.1% route)

=========================================================================
Timing constraint: Default OFFSET IN BEFORE for Clock 'clk'
  Total number of paths / destination ports: 236 / 68
-------------------------------------------------------------------------
Offset:              3.077ns (Levels of Logic = 2)
  Source:            ce (PAD)
  Destination:       sec_inst (FF)
  Destination Clock: clk rising

  Data Path: ce to sec_inst
                                Gate     Net
    Cell:in->out      fanout   Delay   Delay  Logical Name (Net Name)
    ----------------------------------------  ------------
     IBUF:I->O            49   1.222   1.533  ce_IBUF (ce_IBUF)
     begin scope: 'sub:ce'
     begin scope: 'sub/blk00000001:CE'
     SEC:in                    0.322          sec_inst
    ----------------------------------------
    Total                      3.077ns (1.544ns logic, 1.533ns route)
                                       (50.2% logic, 49.8% route)

=========================================================================
Timing constraint: Default OFFSET OUT AFTER for Clock 'clk'
  Total number of paths / destination ports: 17 / 17
-------------------------------------------------------------------------
Offset:              3.597ns (Levels of Logic = 2)
  Source:            sec_inst (FF)
  Destination:       s<16> (PAD)
  Source Clock:      clk rising

  Data Path: sec_inst to s<16>
                                Gate     Net
    Cell:in->out      fanout   Delay   Delay  Logical Name (Net Name)
    ----------------------------------------  ------------
     SEC:C->out            1   0.447   0.579  sec_inst (sec_net)
     end scope: 'sub/blk00000001:S<16>'
     end scope: 'sub:s<16>'
     OBUF:I->O                 2.571          s_16_OBUF (s<16>)
    ----------------------------------------
    Total                      3.597ns (3.018ns logic, 0.579ns route)
                                       (83.9% logic, 16.1% route)

=========================================================================

Cross Clock Domains Report:
--------------------------

Clock to Setup on destination clock clk
---------------+---------+---------+---------+---------+
               | Src:Rise| Src:Fall| Src:Rise| Src:Fall|
Source Clock   |Dest:Rise|Dest:Rise|Dest:Fall|Dest:Fall|
---------------+---------+---------+---------+---------+
clk            |    1.859|         |         |         |
---------------+---------+---------+---------+---------+

=========================================================================


Total REAL time to Xst completion: 8.00 secs
Total CPU time to Xst completion: 7.98 secs
 
--> 

Total memory usage is 312488 kilobytes

Number of errors   :    0 (   0 filtered)
Number of warnings :    0 (   0 filtered)
Number of infos    :    0 (   0 filtered)

